// Jest Snapshot v1, https://goo.gl/fbAQLP

exports[`when applied with exclude option matches snapshot for a single exclude: entry.fce1f523e8d82bd2de89.js 1`] = `"webpackJsonp([2],{2:function(o,n){o.exports=function(){console.log(7)}}},[2]);"`;

exports[`when applied with exclude option matches snapshot for a single exclude: errors 1`] = `Array []`;

exports[`when applied with exclude option matches snapshot for a single exclude: excluded1.59442f27087580855b8c.js 1`] = `
"webpackJsonp([1],[
/* 0 */
/***/ (function(module, exports) {

module.exports = function Bar1() {
  var b = 2 + 2;
  console.log(b + 1 + 2);
};


/***/ })
],[0]);"
`;

exports[`when applied with exclude option matches snapshot for a single exclude: excluded2.1cadf93a90827e47f968.js 1`] = `"webpackJsonp([0],[,function(o,n){o.exports=function(){console.log(7)}}],[1]);"`;

exports[`when applied with exclude option matches snapshot for a single exclude: manifest.d37b2b873f771997c745.js 1`] = `"!function(i){var p=window.webpackJsonp;window.webpackJsonp=function(r,n,e){for(var o,t,u,c=0,f=[];c<r.length;c++)t=r[c],a[t]&&f.push(a[t][0]),a[t]=0;for(o in n)Object.prototype.hasOwnProperty.call(n,o)&&(i[o]=n[o]);for(p&&p(r,n,e);f.length;)f.shift()();if(e)for(c=0;c<e.length;c++)u=l(l.s=e[c]);return u};var e={},a={3:0};function l(r){if(e[r])return e[r].exports;var n=e[r]={i:r,l:!1,exports:{}};return i[r].call(n.exports,n,n.exports,l),n.l=!0,n.exports}l.m=i,l.c=e,l.d=function(r,n,e){l.o(r,n)||Object.defineProperty(r,n,{configurable:!1,enumerable:!0,get:e})},l.n=function(r){var n=r&&r.__esModule?function(){return r.default}:function(){return r};return l.d(n,\\"a\\",n),n},l.o=function(r,n){return Object.prototype.hasOwnProperty.call(r,n)},l.p=\\"\\",l.oe=function(r){throw console.error(r),r}}([]);"`;

exports[`when applied with exclude option matches snapshot for a single exclude: warnings 1`] = `Array []`;

exports[`when applied with exclude option matches snapshot for multiple excludes: entry.fce1f523e8d82bd2de89.js 1`] = `"webpackJsonp([2],{2:function(o,n){o.exports=function(){console.log(7)}}},[2]);"`;

exports[`when applied with exclude option matches snapshot for multiple excludes: errors 1`] = `Array []`;

exports[`when applied with exclude option matches snapshot for multiple excludes: excluded1.59442f27087580855b8c.js 1`] = `
"webpackJsonp([1],[
/* 0 */
/***/ (function(module, exports) {

module.exports = function Bar1() {
  var b = 2 + 2;
  console.log(b + 1 + 2);
};


/***/ })
],[0]);"
`;

exports[`when applied with exclude option matches snapshot for multiple excludes: excluded2.1cadf93a90827e47f968.js 1`] = `
"webpackJsonp([0],[
/* 0 */,
/* 1 */
/***/ (function(module, exports) {

module.exports = function Bar2() {
  var b = 2 + 2;
  console.log(b + 1 + 2);
};


/***/ })
],[1]);"
`;

exports[`when applied with exclude option matches snapshot for multiple excludes: manifest.d37b2b873f771997c745.js 1`] = `"!function(i){var p=window.webpackJsonp;window.webpackJsonp=function(r,n,e){for(var o,t,u,c=0,f=[];c<r.length;c++)t=r[c],a[t]&&f.push(a[t][0]),a[t]=0;for(o in n)Object.prototype.hasOwnProperty.call(n,o)&&(i[o]=n[o]);for(p&&p(r,n,e);f.length;)f.shift()();if(e)for(c=0;c<e.length;c++)u=l(l.s=e[c]);return u};var e={},a={3:0};function l(r){if(e[r])return e[r].exports;var n=e[r]={i:r,l:!1,exports:{}};return i[r].call(n.exports,n,n.exports,l),n.l=!0,n.exports}l.m=i,l.c=e,l.d=function(r,n,e){l.o(r,n)||Object.defineProperty(r,n,{configurable:!1,enumerable:!0,get:e})},l.n=function(r){var n=r&&r.__esModule?function(){return r.default}:function(){return r};return l.d(n,\\"a\\",n),n},l.o=function(r,n){return Object.prototype.hasOwnProperty.call(r,n)},l.p=\\"\\",l.oe=function(r){throw console.error(r),r}}([]);"`;

exports[`when applied with exclude option matches snapshot for multiple excludes: warnings 1`] = `Array []`;
